{
  "subject": "",
  "actor": {
    "displayName": "Unknown User",
    "emailAddress": "",
    "kind": "drive#user"
  },
  "change": {}
}