{
  "subject": "FileID XXXXXXXXXX changed at 2022-06-15T00:03:55.849Z",
  "actor": {
    "displayName": "Unknown User",
    "emailAddress": "",
    "kind": "drive#user"
  },
  "change": {
    "changeType": "file",
    "fileId": "XXXXXXXXXX",
    "kind": "drive#change",
    "time": "2022-06-15T00:03:55.849Z"
  }
}