{
  "subject": "DriveId XXXXXXXXXX was removed at 2022-06-15T00:03:55.849Z",
  "entity": {
    "id": "XXXXXXXXXX",
    "kind": "drive#drive",
    "name": "",
    "createdTime": ""
  },
  "actor": {
    "displayName": "Unknown User",
    "emailAddress": "",
    "kind": "drive#user"
  },
  "change": {
    "changeType": "drive",
    "driveId": "XXXXXXXXXX",
    "kind": "drive#change",
    "removed": true,
    "time": "2022-06-15T00:03:55.849Z"
  }
}